Logging level: Debug
Configurations cached at d:\Proj\vscode-makefile-tools\src\test\fakeSuite\Repros\.vscode\configurationCache.log
No path to the makefile is defined in the settings file.
No folder path to the makefile is defined in the settings file.
Build log defined at "d:\Proj\vscode-makefile-tools\src\test\fakeSuite\Repros\dummy_dryrun.log"
Always pre-configure: false
Always post-configure: false
Dry-run switches: '--always-make', '--keep-going', '--print-directory'
Additional compiler names: 'MyOwnFakeCompiler'
Found the following configurations defined in makefile.configurations setting: varexp;test-make-f;test-make-C;complex_escaped_quotes;complex_escaped_quotes_winOnly;InterestingSmallMakefile_windows_configDebug;InterestingSmallMakefile_windows_configRelSize;InterestingSmallMakefile_windows_configRelSpeed;8cc_linux;8cc_mingw;Fido_linux;Fido_mingw;tinyvm_linux_pedantic;tinyvm_mingw_pedantic
No current launch configuration is set in the workspace state.
Default launch configuration: MIMode = undefined,
                miDebuggerPath = undefined,
                stopAtEntry = undefined,
                symbolSearchPath = undefined
Configure on open: false
Configure on edit: true
Configure after command: true
Only .PHONY targets: false
Save before build or configure: true
Build before launch: false
Clear output before build: true
Ignore directory commands: true
compile_commands.json path: d:\Proj\vscode-makefile-tools\src\test\fakeSuite\Repros\.vscode\compile_commands.json
Deduced command 'c:\some\other\fake\path.exe ' for configuration "varexp"
Schema mismatch between settings and package.json for property "makefile.safeCommands"
Sending telemetry: eventName = settings
properties: makefile.configurations.name = "...",makefile.makePath = "...",makefile.makeDirectory = "undefined",makefile.makefilePath = "undefined",makefile.buildLog = "...",makefile.extensionOutputFolder = "...",makefile.extensionLog = "...",makefile.additionalCompilerNames = "...",makefile.configureOnOpen = "false",makefile.buildBeforeLaunch = "false",makefile.compileCommandsPath = "..."
