Pre-configuring...
Script: "{REPO:VSCODE-MAKEFILE-TOOLS}/src/test/fakeSuite/Repros/.vscode/preconfigure_nonwin.sh"
The pre-configure succeeded.
Setting configuration - 8cc_linux
Re-reading settings after configuration change.
Found build log path setting "./8cc_linux_dryrun.log" defined for configuration "8cc_linux"
Resolving build log path to "{REPO:VSCODE-MAKEFILE-TOOLS}/src/test/fakeSuite/Repros/8cc_linux_dryrun.log"
Deduced command 'c:/some/other/fake/path ' for configuration "8cc_linux"
Dropping various extension output files at {REPO:VSCODE-MAKEFILE-TOOLS}/src/test/fakeSuite/Repros/.vscode
Writing extension log at {REPO:VSCODE-MAKEFILE-TOOLS}/src/test/fakeSuite/Repros/.vscode/Makefile.out
Logging level: Debug
No path to the makefile is defined in the settings file.
No folder path to the makefile is defined in the settings file.
Build log defined at "{REPO:VSCODE-MAKEFILE-TOOLS}/src/test/fakeSuite/Repros/dummy_dryrun.log"
Always pre-configure: false
Always post-configure: false
Dry-run switches: '--always-make', '--keep-going', '--print-directory'
Additional compiler names: 'MyOwnFakeCompiler'
Found the following configurations defined in makefile.configurations setting: varexp;test-make-f;test-make-C;complex_escaped_quotes;complex_escaped_quotes_winOnly;InterestingSmallMakefile_windows_configDebug;InterestingSmallMakefile_windows_configRelSize;InterestingSmallMakefile_windows_configRelSpeed;8cc_linux;8cc_mingw;Fido_linux;Fido_mingw;tinyvm_linux_pedantic;tinyvm_mingw_pedantic
No current launch configuration is set in the workspace state.
Default launch configuration: MIMode = undefined,
                miDebuggerPath = undefined,
                stopAtEntry = undefined,
                symbolSearchPath = undefined
Configure on open: false
Configure on edit: true
Configure after command: true
Only .PHONY targets: false
Save before build or configure: true
Build before launch: false
Clear output before build: true
Ignore directory commands: true
compile_commands.json path: {REPO:VSCODE-MAKEFILE-TOOLS}/src/test/fakeSuite/Repros/.vscode/compile_commands.json
Found build log path setting "./8cc_linux_dryrun.log" defined for configuration "8cc_linux"
Resolving build log path to "{REPO:VSCODE-MAKEFILE-TOOLS}/src/test/fakeSuite/Repros/8cc_linux_dryrun.log"
Deduced command 'c:/some/other/fake/path ' for configuration "8cc_linux"
Saving opened files before build.
Loading configurations from cache is not necessary.
Preprocessing: "{REPO:VSCODE-MAKEFILE-TOOLS}/src/test/fakeSuite/Repros/8cc_linux_dryrun.log"
Preprocess elapsed time: 0
Parsing for IntelliSense.
Updating the CppTools IntelliSense Configuration Provider.
Parsing dry-run output for CppTools Custom Configuration Provider.
Found compiler command: cc -Wall -Wno-strict-aliasing -std=gnu11 -g -I. -O0 -DBUILD_DIR='"/home/andris/git/8cc"'   -c -o main.o main.c
Sending configuration for file {REPO:VSCODE-MAKEFILE-TOOLS}/src/test/fakeSuite/Repros/main.c -----------------------------------
    Defines: BUILD_DIR='"/home/andris/git/8cc"'
    Includes: {REPO:VSCODE-MAKEFILE-TOOLS}/src/test/fakeSuite/Repros
    Force Includes: 
    Standard: c11
    IntelliSense Mode: gcc-x64
    Compiler Path: {REPO:VSCODE-MAKEFILE-TOOLS}/src/test/fakeSuite/Repros/bin/GitHub/compilers/cc
    Compiler Arguments: -Wall;-Wno-strict-aliasing;-g;-O0;-c;-o;main.o;main.c
---------------------------------------------------------------------------------------------------
Found compiler command: cc -Wall -Wno-strict-aliasing -std=gnu11 -g -I. -O0 -DBUILD_DIR='"/home/andris/git/8cc"'   -c -o cpp.o cpp.c
Sending configuration for file {REPO:VSCODE-MAKEFILE-TOOLS}/src/test/fakeSuite/Repros/cpp.c -----------------------------------
    Defines: BUILD_DIR='"/home/andris/git/8cc"'
    Includes: {REPO:VSCODE-MAKEFILE-TOOLS}/src/test/fakeSuite/Repros
    Force Includes: 
    Standard: c11
    IntelliSense Mode: gcc-x64
    Compiler Path: {REPO:VSCODE-MAKEFILE-TOOLS}/src/test/fakeSuite/Repros/bin/GitHub/compilers/cc
    Compiler Arguments: -Wall;-Wno-strict-aliasing;-g;-O0;-c;-o;cpp.o;cpp.c
---------------------------------------------------------------------------------------------------
Found compiler command: cc -Wall -Wno-strict-aliasing -std=gnu11 -g -I. -O0 -DBUILD_DIR='"/home/andris/git/8cc"'   -c -o debug.o debug.c
Sending configuration for file {REPO:VSCODE-MAKEFILE-TOOLS}/src/test/fakeSuite/Repros/debug.c -----------------------------------
    Defines: BUILD_DIR='"/home/andris/git/8cc"'
    Includes: {REPO:VSCODE-MAKEFILE-TOOLS}/src/test/fakeSuite/Repros
    Force Includes: 
    Standard: c11
    IntelliSense Mode: gcc-x64
    Compiler Path: {REPO:VSCODE-MAKEFILE-TOOLS}/src/test/fakeSuite/Repros/bin/GitHub/compilers/cc
    Compiler Arguments: -Wall;-Wno-strict-aliasing;-g;-O0;-c;-o;debug.o;debug.c
---------------------------------------------------------------------------------------------------
Found compiler command: cc -Wall -Wno-strict-aliasing -std=gnu11 -g -I. -O0 -DBUILD_DIR='"/home/andris/git/8cc"'   -c -o dict.o dict.c
Sending configuration for file {REPO:VSCODE-MAKEFILE-TOOLS}/src/test/fakeSuite/Repros/dict.c -----------------------------------
    Defines: BUILD_DIR='"/home/andris/git/8cc"'
    Includes: {REPO:VSCODE-MAKEFILE-TOOLS}/src/test/fakeSuite/Repros
    Force Includes: 
    Standard: c11
    IntelliSense Mode: gcc-x64
    Compiler Path: {REPO:VSCODE-MAKEFILE-TOOLS}/src/test/fakeSuite/Repros/bin/GitHub/compilers/cc
    Compiler Arguments: -Wall;-Wno-strict-aliasing;-g;-O0;-c;-o;dict.o;dict.c
---------------------------------------------------------------------------------------------------
Found compiler command: cc -Wall -Wno-strict-aliasing -std=gnu11 -g -I. -O0 -DBUILD_DIR='"/home/andris/git/8cc"'   -c -o gen.o gen.c
Sending configuration for file {REPO:VSCODE-MAKEFILE-TOOLS}/src/test/fakeSuite/Repros/gen.c -----------------------------------
    Defines: BUILD_DIR='"/home/andris/git/8cc"'
    Includes: {REPO:VSCODE-MAKEFILE-TOOLS}/src/test/fakeSuite/Repros
    Force Includes: 
    Standard: c11
    IntelliSense Mode: gcc-x64
    Compiler Path: {REPO:VSCODE-MAKEFILE-TOOLS}/src/test/fakeSuite/Repros/bin/GitHub/compilers/cc
    Compiler Arguments: -Wall;-Wno-strict-aliasing;-g;-O0;-c;-o;gen.o;gen.c
---------------------------------------------------------------------------------------------------
Found compiler command: cc -Wall -Wno-strict-aliasing -std=gnu11 -g -I. -O0 -DBUILD_DIR='"/home/andris/git/8cc"'   -c -o lex.o lex.c
Sending configuration for file {REPO:VSCODE-MAKEFILE-TOOLS}/src/test/fakeSuite/Repros/lex.c -----------------------------------
    Defines: BUILD_DIR='"/home/andris/git/8cc"'
    Includes: {REPO:VSCODE-MAKEFILE-TOOLS}/src/test/fakeSuite/Repros
    Force Includes: 
    Standard: c11
    IntelliSense Mode: gcc-x64
    Compiler Path: {REPO:VSCODE-MAKEFILE-TOOLS}/src/test/fakeSuite/Repros/bin/GitHub/compilers/cc
    Compiler Arguments: -Wall;-Wno-strict-aliasing;-g;-O0;-c;-o;lex.o;lex.c
---------------------------------------------------------------------------------------------------
Found compiler command: cc -Wall -Wno-strict-aliasing -std=gnu11 -g -I. -O0 -DBUILD_DIR='"/home/andris/git/8cc"'   -c -o vector.o vector.c
Sending configuration for file {REPO:VSCODE-MAKEFILE-TOOLS}/src/test/fakeSuite/Repros/vector.c -----------------------------------
    Defines: BUILD_DIR='"/home/andris/git/8cc"'
    Includes: {REPO:VSCODE-MAKEFILE-TOOLS}/src/test/fakeSuite/Repros
    Force Includes: 
    Standard: c11
    IntelliSense Mode: gcc-x64
    Compiler Path: {REPO:VSCODE-MAKEFILE-TOOLS}/src/test/fakeSuite/Repros/bin/GitHub/compilers/cc
    Compiler Arguments: -Wall;-Wno-strict-aliasing;-g;-O0;-c;-o;vector.o;vector.c
---------------------------------------------------------------------------------------------------
Found compiler command: cc -Wall -Wno-strict-aliasing -std=gnu11 -g -I. -O0 -DBUILD_DIR='"/home/andris/git/8cc"'   -c -o parse.o parse.c
Sending configuration for file {REPO:VSCODE-MAKEFILE-TOOLS}/src/test/fakeSuite/Repros/parse.c -----------------------------------
    Defines: BUILD_DIR='"/home/andris/git/8cc"'
    Includes: {REPO:VSCODE-MAKEFILE-TOOLS}/src/test/fakeSuite/Repros
    Force Includes: 
    Standard: c11
    IntelliSense Mode: gcc-x64
    Compiler Path: {REPO:VSCODE-MAKEFILE-TOOLS}/src/test/fakeSuite/Repros/bin/GitHub/compilers/cc
    Compiler Arguments: -Wall;-Wno-strict-aliasing;-g;-O0;-c;-o;parse.o;parse.c
---------------------------------------------------------------------------------------------------
Found compiler command: cc -Wall -Wno-strict-aliasing -std=gnu11 -g -I. -O0 -DBUILD_DIR='"/home/andris/git/8cc"'   -c -o buffer.o buffer.c
Sending configuration for file {REPO:VSCODE-MAKEFILE-TOOLS}/src/test/fakeSuite/Repros/buffer.c -----------------------------------
    Defines: BUILD_DIR='"/home/andris/git/8cc"'
    Includes: {REPO:VSCODE-MAKEFILE-TOOLS}/src/test/fakeSuite/Repros
    Force Includes: 
    Standard: c11
    IntelliSense Mode: gcc-x64
    Compiler Path: {REPO:VSCODE-MAKEFILE-TOOLS}/src/test/fakeSuite/Repros/bin/GitHub/compilers/cc
    Compiler Arguments: -Wall;-Wno-strict-aliasing;-g;-O0;-c;-o;buffer.o;buffer.c
---------------------------------------------------------------------------------------------------
Found compiler command: cc -Wall -Wno-strict-aliasing -std=gnu11 -g -I. -O0 -DBUILD_DIR='"/home/andris/git/8cc"'   -c -o map.o map.c
Sending configuration for file {REPO:VSCODE-MAKEFILE-TOOLS}/src/test/fakeSuite/Repros/map.c -----------------------------------
    Defines: BUILD_DIR='"/home/andris/git/8cc"'
    Includes: {REPO:VSCODE-MAKEFILE-TOOLS}/src/test/fakeSuite/Repros
    Force Includes: 
    Standard: c11
    IntelliSense Mode: gcc-x64
    Compiler Path: {REPO:VSCODE-MAKEFILE-TOOLS}/src/test/fakeSuite/Repros/bin/GitHub/compilers/cc
    Compiler Arguments: -Wall;-Wno-strict-aliasing;-g;-O0;-c;-o;map.o;map.c
---------------------------------------------------------------------------------------------------
Found compiler command: cc -Wall -Wno-strict-aliasing -std=gnu11 -g -I. -O0 -DBUILD_DIR='"/home/andris/git/8cc"'   -c -o error.o error.c
Sending configuration for file {REPO:VSCODE-MAKEFILE-TOOLS}/src/test/fakeSuite/Repros/error.c -----------------------------------
    Defines: BUILD_DIR='"/home/andris/git/8cc"'
    Includes: {REPO:VSCODE-MAKEFILE-TOOLS}/src/test/fakeSuite/Repros
    Force Includes: 
    Standard: c11
    IntelliSense Mode: gcc-x64
    Compiler Path: {REPO:VSCODE-MAKEFILE-TOOLS}/src/test/fakeSuite/Repros/bin/GitHub/compilers/cc
    Compiler Arguments: -Wall;-Wno-strict-aliasing;-g;-O0;-c;-o;error.o;error.c
---------------------------------------------------------------------------------------------------
Found compiler command: cc -Wall -Wno-strict-aliasing -std=gnu11 -g -I. -O0 -DBUILD_DIR='"/home/andris/git/8cc"'   -c -o path.o path.c
Sending configuration for file {REPO:VSCODE-MAKEFILE-TOOLS}/src/test/fakeSuite/Repros/path.c -----------------------------------
    Defines: BUILD_DIR='"/home/andris/git/8cc"'
    Includes: {REPO:VSCODE-MAKEFILE-TOOLS}/src/test/fakeSuite/Repros
    Force Includes: 
    Standard: c11
    IntelliSense Mode: gcc-x64
    Compiler Path: {REPO:VSCODE-MAKEFILE-TOOLS}/src/test/fakeSuite/Repros/bin/GitHub/compilers/cc
    Compiler Arguments: -Wall;-Wno-strict-aliasing;-g;-O0;-c;-o;path.o;path.c
---------------------------------------------------------------------------------------------------
Found compiler command: cc -Wall -Wno-strict-aliasing -std=gnu11 -g -I. -O0 -DBUILD_DIR='"/home/andris/git/8cc"'   -c -o file.o file.c
Sending configuration for file {REPO:VSCODE-MAKEFILE-TOOLS}/src/test/fakeSuite/Repros/file.c -----------------------------------
    Defines: BUILD_DIR='"/home/andris/git/8cc"'
    Includes: {REPO:VSCODE-MAKEFILE-TOOLS}/src/test/fakeSuite/Repros
    Force Includes: 
    Standard: c11
    IntelliSense Mode: gcc-x64
    Compiler Path: {REPO:VSCODE-MAKEFILE-TOOLS}/src/test/fakeSuite/Repros/bin/GitHub/compilers/cc
    Compiler Arguments: -Wall;-Wno-strict-aliasing;-g;-O0;-c;-o;file.o;file.c
---------------------------------------------------------------------------------------------------
Found compiler command: cc -Wall -Wno-strict-aliasing -std=gnu11 -g -I. -O0 -DBUILD_DIR='"/home/andris/git/8cc"'   -c -o set.o set.c
Sending configuration for file {REPO:VSCODE-MAKEFILE-TOOLS}/src/test/fakeSuite/Repros/set.c -----------------------------------
    Defines: BUILD_DIR='"/home/andris/git/8cc"'
    Includes: {REPO:VSCODE-MAKEFILE-TOOLS}/src/test/fakeSuite/Repros
    Force Includes: 
    Standard: c11
    IntelliSense Mode: gcc-x64
    Compiler Path: {REPO:VSCODE-MAKEFILE-TOOLS}/src/test/fakeSuite/Repros/bin/GitHub/compilers/cc
    Compiler Arguments: -Wall;-Wno-strict-aliasing;-g;-O0;-c;-o;set.o;set.c
---------------------------------------------------------------------------------------------------
Found compiler command: cc -Wall -Wno-strict-aliasing -std=gnu11 -g -I. -O0 -DBUILD_DIR='"/home/andris/git/8cc"'   -c -o encoding.o encoding.c
Sending configuration for file {REPO:VSCODE-MAKEFILE-TOOLS}/src/test/fakeSuite/Repros/encoding.c -----------------------------------
    Defines: BUILD_DIR='"/home/andris/git/8cc"'
    Includes: {REPO:VSCODE-MAKEFILE-TOOLS}/src/test/fakeSuite/Repros
    Force Includes: 
    Standard: c11
    IntelliSense Mode: gcc-x64
    Compiler Path: {REPO:VSCODE-MAKEFILE-TOOLS}/src/test/fakeSuite/Repros/bin/GitHub/compilers/cc
    Compiler Arguments: -Wall;-Wno-strict-aliasing;-g;-O0;-c;-o;encoding.o;encoding.c
---------------------------------------------------------------------------------------------------
Found compiler command: cc -o 8cc main.o cpp.o debug.o dict.o gen.o lex.o vector.o parse.o buffer.o map.o error.o path.o file.o set.o encoding.o
Sending Workspace Browse Configuration: -----------------------------------
    Browse Path: {REPO:VSCODE-MAKEFILE-TOOLS}/src/test/fakeSuite/Repros
    Standard: c11
    Compiler Path: {REPO:VSCODE-MAKEFILE-TOOLS}/src/test/fakeSuite/Repros/bin/GitHub/compilers/cc
    Compiler Arguments: -Wall;-Wno-strict-aliasing;-g;-O0;-c;-o;encoding.o;encoding.c
----------------------------------------------------------------------------
Parsing for IntelliSense elapsed time: 0
Parsing for launch targets.
Found linker command: cc -o 8cc main.o cpp.o debug.o dict.o gen.o lex.o vector.o parse.o buffer.o map.o error.o path.o file.o set.o encoding.o
Producing target binary: 8cc
Adding launch configuration:
{REPO:VSCODE-MAKEFILE-TOOLS}/src/test/fakeSuite/Repros>8cc()
Found the following 1 launch targets defined in the makefile: {REPO:VSCODE-MAKEFILE-TOOLS}/src/test/fakeSuite/Repros>8cc()
Complete list of launch targets: {REPO:VSCODE-MAKEFILE-TOOLS}/src/test/fakeSuite/Repros>8cc()
Parsing for launch targets elapsed time: 0
Generating parse content for build targets.
Parsing for build targets from: "{REPO:VSCODE-MAKEFILE-TOOLS}/src/test/fakeSuite/Repros/8cc_linux_dryrun.log"
Found the following 29 build targets defined in the makefile: 8cc;all;buffer.o;clean;cleanobj;cpp.o;debug.o;dict.o;encoding.o;error.o;file.o;fulltest;gen.o;lex.o;main.o;map.o;parse.o;path.o;runtests;self;set.o;stage1;stage2;stage3;test;testtest;utiltest;utiltest.o;vector.o
Complete list of build targets: 8cc;all;buffer.o;clean;cleanobj;cpp.o;debug.o;dict.o;encoding.o;error.o;file.o;fulltest;gen.o;lex.o;main.o;map.o;parse.o;path.o;runtests;self;set.o;stage1;stage2;stage3;test;testtest;utiltest;utiltest.o;vector.o
Parsing build targets elapsed time: 0
Configure finished. The status for all the subphases that ran:
generateParseContent: return code = 0, elapsed time = 0
preprocessParseContent: return code = 0, elapsed time = 0
parseIntelliSense: return code = 0, elapsed time = 0
parseLaunch: return code = 0, elapsed time = 0
dryrunTargets: return code = 0, elapsed time = 0
parseTargets: return code = 0, elapsed time = 0
Configure succeeded.
Configure elapsed time: 0
Found build log path setting "./8cc_linux_dryrun.log" defined for configuration "8cc_linux"
Resolving build log path to "{REPO:VSCODE-MAKEFILE-TOOLS}/src/test/fakeSuite/Repros/8cc_linux_dryrun.log"
Deduced command 'c:/some/other/fake/path ' for configuration "8cc_linux"
Found build log path setting "./8cc_linux_dryrun.log" defined for configuration "8cc_linux"
Resolving build log path to "{REPO:VSCODE-MAKEFILE-TOOLS}/src/test/fakeSuite/Repros/8cc_linux_dryrun.log"
Deduced command 'c:/some/other/fake/path ' for configuration "8cc_linux"
Found build log path setting "./8cc_linux_dryrun.log" defined for configuration "8cc_linux"
Resolving build log path to "{REPO:VSCODE-MAKEFILE-TOOLS}/src/test/fakeSuite/Repros/8cc_linux_dryrun.log"
Deduced command 'c:/some/other/fake/path ' for configuration "8cc_linux"
Found build log path setting "./8cc_linux_dryrun.log" defined for configuration "8cc_linux"
Resolving build log path to "{REPO:VSCODE-MAKEFILE-TOOLS}/src/test/fakeSuite/Repros/8cc_linux_dryrun.log"
Deduced command 'c:/some/other/fake/path ' for configuration "8cc_linux"
Found build log path setting "./8cc_linux_dryrun.log" defined for configuration "8cc_linux"
Resolving build log path to "{REPO:VSCODE-MAKEFILE-TOOLS}/src/test/fakeSuite/Repros/8cc_linux_dryrun.log"
Deduced command 'c:/some/other/fake/path ' for configuration "8cc_linux"
Found build log path setting "./8cc_linux_dryrun.log" defined for configuration "8cc_linux"
Resolving build log path to "{REPO:VSCODE-MAKEFILE-TOOLS}/src/test/fakeSuite/Repros/8cc_linux_dryrun.log"
Deduced command 'c:/some/other/fake/path ' for configuration "8cc_linux"
Inserting a new entry for {REPO:VSCODE-MAKEFILE-TOOLS}/src/test/fakeSuite/Repros>8cc() in the array of makefile.launchConfigurations. You may define any additional debug properties for it in settings.
Setting current launch target "{REPO:VSCODE-MAKEFILE-TOOLS}/src/test/fakeSuite/Repros>8cc()"
Re-reading settings after launch target change.
Dropping various extension output files at {REPO:VSCODE-MAKEFILE-TOOLS}/src/test/fakeSuite/Repros/.vscode
Writing extension log at {REPO:VSCODE-MAKEFILE-TOOLS}/src/test/fakeSuite/Repros/.vscode/Makefile.out
Logging level: Debug
No path to the makefile is defined in the settings file.
No folder path to the makefile is defined in the settings file.
Build log defined at "{REPO:VSCODE-MAKEFILE-TOOLS}/src/test/fakeSuite/Repros/dummy_dryrun.log"
Always pre-configure: false
Always post-configure: false
Dry-run switches: '--always-make', '--keep-going', '--print-directory'
Additional compiler names: 'MyOwnFakeCompiler'
Found the following configurations defined in makefile.configurations setting: varexp;test-make-f;test-make-C;complex_escaped_quotes;complex_escaped_quotes_winOnly;InterestingSmallMakefile_windows_configDebug;InterestingSmallMakefile_windows_configRelSize;InterestingSmallMakefile_windows_configRelSpeed;8cc_linux;8cc_mingw;Fido_linux;Fido_mingw;tinyvm_linux_pedantic;tinyvm_mingw_pedantic
Reading current launch configuration "{REPO:VSCODE-MAKEFILE-TOOLS}/src/test/fakeSuite/Repros>8cc()" from the workspace state.
Default launch configuration: MIMode = undefined,
                miDebuggerPath = undefined,
                stopAtEntry = undefined,
                symbolSearchPath = undefined
Configure on open: false
Configure on edit: true
Configure after command: true
Only .PHONY targets: false
Save before build or configure: true
Build before launch: false
Clear output before build: true
Ignore directory commands: true
compile_commands.json path: {REPO:VSCODE-MAKEFILE-TOOLS}/src/test/fakeSuite/Repros/.vscode/compile_commands.json
Found build log path setting "./8cc_linux_dryrun.log" defined for configuration "8cc_linux"
Resolving build log path to "{REPO:VSCODE-MAKEFILE-TOOLS}/src/test/fakeSuite/Repros/8cc_linux_dryrun.log"
Deduced command 'c:/some/other/fake/path ' for configuration "8cc_linux"
Created the following debug config:
   type = cppdbg
   cwd = {REPO:VSCODE-MAKEFILE-TOOLS}/src/test/fakeSuite/Repros (= {REPO:VSCODE-MAKEFILE-TOOLS}/src/test/fakeSuite/Repros)
   args = 
   program = {REPO:VSCODE-MAKEFILE-TOOLS}/src/test/fakeSuite/Repros/8cc (= {REPO:VSCODE-MAKEFILE-TOOLS}/src/test/fakeSuite/Repros/8cc)
   MIMode = gdb
   miDebuggerPath = {REPO:VSCODE-MAKEFILE-TOOLS}/src/test/fakeSuite/Repros/bin/GitHub/compilers/gdb
   stopAtEntry = undefined
   symbolSearchPath = undefined
Running command '"{REPO:VSCODE-MAKEFILE-TOOLS}/src/test/fakeSuite/Repros/8cc" ' in the terminal from location '{REPO:VSCODE-MAKEFILE-TOOLS}/src/test/fakeSuite/Repros'
Setting target all
Re-reading settings after target change.
Dropping various extension output files at {REPO:VSCODE-MAKEFILE-TOOLS}/src/test/fakeSuite/Repros/.vscode
Writing extension log at {REPO:VSCODE-MAKEFILE-TOOLS}/src/test/fakeSuite/Repros/.vscode/Makefile.out
Logging level: Debug
No path to the makefile is defined in the settings file.
No folder path to the makefile is defined in the settings file.
Build log defined at "{REPO:VSCODE-MAKEFILE-TOOLS}/src/test/fakeSuite/Repros/dummy_dryrun.log"
Always pre-configure: false
Always post-configure: false
Dry-run switches: '--always-make', '--keep-going', '--print-directory'
Additional compiler names: 'MyOwnFakeCompiler'
Found the following configurations defined in makefile.configurations setting: varexp;test-make-f;test-make-C;complex_escaped_quotes;complex_escaped_quotes_winOnly;InterestingSmallMakefile_windows_configDebug;InterestingSmallMakefile_windows_configRelSize;InterestingSmallMakefile_windows_configRelSpeed;8cc_linux;8cc_mingw;Fido_linux;Fido_mingw;tinyvm_linux_pedantic;tinyvm_mingw_pedantic
Reading current launch configuration "{REPO:VSCODE-MAKEFILE-TOOLS}/src/test/fakeSuite/Repros>8cc()" from the workspace state.
Default launch configuration: MIMode = undefined,
                miDebuggerPath = undefined,
                stopAtEntry = undefined,
                symbolSearchPath = undefined
Configure on open: false
Configure on edit: true
Configure after command: true
Only .PHONY targets: false
Save before build or configure: true
Build before launch: false
Clear output before build: true
Ignore directory commands: true
compile_commands.json path: {REPO:VSCODE-MAKEFILE-TOOLS}/src/test/fakeSuite/Repros/.vscode/compile_commands.json
Found build log path setting "./8cc_linux_dryrun.log" defined for configuration "8cc_linux"
Resolving build log path to "{REPO:VSCODE-MAKEFILE-TOOLS}/src/test/fakeSuite/Repros/8cc_linux_dryrun.log"
Deduced command 'c:/some/other/fake/path ' for configuration "8cc_linux"
Building target "all" with command: 'c:/some/other/fake/path all'
