Resolving extension log path to "{REPO:VSCODE-MAKEFILE-TOOLS}\src\test\fakeSuite\Repros\MakefileTools.out"
Found build log path setting "./dummy_dryrun.log"
Resolving build log path to  "{REPO:VSCODE-MAKEFILE-TOOLS}\src\test\fakeSuite\Repros\dummy_dryrun.log"
No current configuration is defined in the settings file
No target defined in the settings file
Parsing the provided build log "{REPO:VSCODE-MAKEFILE-TOOLS}\src\test\fakeSuite\Repros\dummy_dryrun.log" for IntelliSense integration with CppTools...
Updating the CppTools IntelliSense Configuration Provider.
Parsing dry-run output for CppTools Custom Configuration Provider.
Sending Workspace Browse Configuration: -----------------------------------
    Browse Path: 
    Standard: undefined
    Compiler Path: undefined
----------------------------------------------------------------------------
Found the following configurations defined in makefile.configurations setting: InterestingSmallMakefile_windows_configDebug;InterestingSmallMakefile_windows_configRelSize;InterestingSmallMakefile_windows_configRelSpeed;8cc_linux;8cc_mingw;Fido_linux;Fido_mingw;tinyvm_linux_pedantic;tinyvm_mingw_pedantic
Setting configuration - 8cc_mingw
Found build log path setting "./8cc_mingw_dryrun.log" defined for configuration "8cc_mingw"
Resolving build log path to "{REPO:VSCODE-MAKEFILE-TOOLS}\src\test\fakeSuite\Repros\8cc_mingw_dryrun.log"
Parsing the provided build log "{REPO:VSCODE-MAKEFILE-TOOLS}\src\test\fakeSuite\Repros\8cc_mingw_dryrun.log" for IntelliSense integration with CppTools...
Updating the CppTools IntelliSense Configuration Provider.
Parsing dry-run output for CppTools Custom Configuration Provider.
Sending Workspace Browse Configuration: -----------------------------------
    Browse Path: {REPO:VSCODE-MAKEFILE-TOOLS}\src\test\fakeSuite\Repros
    Standard: undefined
    Compiler Path: C:\msys64\usr\bin\cc.exe
----------------------------------------------------------------------------
Sending configuration for file {REPO:VSCODE-MAKEFILE-TOOLS}\src\test\fakeSuite\Repros\main.c -----------------------------------
    Defines: BUILD_DIR=
    Includes: {REPO:VSCODE-MAKEFILE-TOOLS}\src\test\fakeSuite\Repros
    Force Includes: 
    Standard: gnu11
    IntelliSense Mode: msvc-x64
    Compiler Path: C:\msys64\usr\bin\cc.exe
---------------------------------------------------------------------------------------------------
Sending configuration for file {REPO:VSCODE-MAKEFILE-TOOLS}\src\test\fakeSuite\Repros\cpp.c -----------------------------------
    Defines: BUILD_DIR=
    Includes: {REPO:VSCODE-MAKEFILE-TOOLS}\src\test\fakeSuite\Repros
    Force Includes: 
    Standard: gnu11
    IntelliSense Mode: msvc-x64
    Compiler Path: C:\msys64\usr\bin\cc.exe
---------------------------------------------------------------------------------------------------
Sending configuration for file {REPO:VSCODE-MAKEFILE-TOOLS}\src\test\fakeSuite\Repros\debug.c -----------------------------------
    Defines: BUILD_DIR=
    Includes: {REPO:VSCODE-MAKEFILE-TOOLS}\src\test\fakeSuite\Repros
    Force Includes: 
    Standard: gnu11
    IntelliSense Mode: msvc-x64
    Compiler Path: C:\msys64\usr\bin\cc.exe
---------------------------------------------------------------------------------------------------
Sending configuration for file {REPO:VSCODE-MAKEFILE-TOOLS}\src\test\fakeSuite\Repros\dict.c -----------------------------------
    Defines: BUILD_DIR=
    Includes: {REPO:VSCODE-MAKEFILE-TOOLS}\src\test\fakeSuite\Repros
    Force Includes: 
    Standard: gnu11
    IntelliSense Mode: msvc-x64
    Compiler Path: C:\msys64\usr\bin\cc.exe
---------------------------------------------------------------------------------------------------
Sending configuration for file {REPO:VSCODE-MAKEFILE-TOOLS}\src\test\fakeSuite\Repros\gen.c -----------------------------------
    Defines: BUILD_DIR=
    Includes: {REPO:VSCODE-MAKEFILE-TOOLS}\src\test\fakeSuite\Repros
    Force Includes: 
    Standard: gnu11
    IntelliSense Mode: msvc-x64
    Compiler Path: C:\msys64\usr\bin\cc.exe
---------------------------------------------------------------------------------------------------
Sending configuration for file {REPO:VSCODE-MAKEFILE-TOOLS}\src\test\fakeSuite\Repros\lex.c -----------------------------------
    Defines: BUILD_DIR=
    Includes: {REPO:VSCODE-MAKEFILE-TOOLS}\src\test\fakeSuite\Repros
    Force Includes: 
    Standard: gnu11
    IntelliSense Mode: msvc-x64
    Compiler Path: C:\msys64\usr\bin\cc.exe
---------------------------------------------------------------------------------------------------
Sending configuration for file {REPO:VSCODE-MAKEFILE-TOOLS}\src\test\fakeSuite\Repros\vector.c -----------------------------------
    Defines: BUILD_DIR=
    Includes: {REPO:VSCODE-MAKEFILE-TOOLS}\src\test\fakeSuite\Repros
    Force Includes: 
    Standard: gnu11
    IntelliSense Mode: msvc-x64
    Compiler Path: C:\msys64\usr\bin\cc.exe
---------------------------------------------------------------------------------------------------
Sending configuration for file {REPO:VSCODE-MAKEFILE-TOOLS}\src\test\fakeSuite\Repros\parse.c -----------------------------------
    Defines: BUILD_DIR=
    Includes: {REPO:VSCODE-MAKEFILE-TOOLS}\src\test\fakeSuite\Repros
    Force Includes: 
    Standard: gnu11
    IntelliSense Mode: msvc-x64
    Compiler Path: C:\msys64\usr\bin\cc.exe
---------------------------------------------------------------------------------------------------
Sending configuration for file {REPO:VSCODE-MAKEFILE-TOOLS}\src\test\fakeSuite\Repros\buffer.c -----------------------------------
    Defines: BUILD_DIR=
    Includes: {REPO:VSCODE-MAKEFILE-TOOLS}\src\test\fakeSuite\Repros
    Force Includes: 
    Standard: gnu11
    IntelliSense Mode: msvc-x64
    Compiler Path: C:\msys64\usr\bin\cc.exe
---------------------------------------------------------------------------------------------------
Sending configuration for file {REPO:VSCODE-MAKEFILE-TOOLS}\src\test\fakeSuite\Repros\map.c -----------------------------------
    Defines: BUILD_DIR=
    Includes: {REPO:VSCODE-MAKEFILE-TOOLS}\src\test\fakeSuite\Repros
    Force Includes: 
    Standard: gnu11
    IntelliSense Mode: msvc-x64
    Compiler Path: C:\msys64\usr\bin\cc.exe
---------------------------------------------------------------------------------------------------
Sending configuration for file {REPO:VSCODE-MAKEFILE-TOOLS}\src\test\fakeSuite\Repros\error.c -----------------------------------
    Defines: BUILD_DIR=
    Includes: {REPO:VSCODE-MAKEFILE-TOOLS}\src\test\fakeSuite\Repros
    Force Includes: 
    Standard: gnu11
    IntelliSense Mode: msvc-x64
    Compiler Path: C:\msys64\usr\bin\cc.exe
---------------------------------------------------------------------------------------------------
Sending configuration for file {REPO:VSCODE-MAKEFILE-TOOLS}\src\test\fakeSuite\Repros\path.c -----------------------------------
    Defines: BUILD_DIR=
    Includes: {REPO:VSCODE-MAKEFILE-TOOLS}\src\test\fakeSuite\Repros
    Force Includes: 
    Standard: gnu11
    IntelliSense Mode: msvc-x64
    Compiler Path: C:\msys64\usr\bin\cc.exe
---------------------------------------------------------------------------------------------------
Sending configuration for file {REPO:VSCODE-MAKEFILE-TOOLS}\src\test\fakeSuite\Repros\file.c -----------------------------------
    Defines: BUILD_DIR=
    Includes: {REPO:VSCODE-MAKEFILE-TOOLS}\src\test\fakeSuite\Repros
    Force Includes: 
    Standard: gnu11
    IntelliSense Mode: msvc-x64
    Compiler Path: C:\msys64\usr\bin\cc.exe
---------------------------------------------------------------------------------------------------
Sending configuration for file {REPO:VSCODE-MAKEFILE-TOOLS}\src\test\fakeSuite\Repros\set.c -----------------------------------
    Defines: BUILD_DIR=
    Includes: {REPO:VSCODE-MAKEFILE-TOOLS}\src\test\fakeSuite\Repros
    Force Includes: 
    Standard: gnu11
    IntelliSense Mode: msvc-x64
    Compiler Path: C:\msys64\usr\bin\cc.exe
---------------------------------------------------------------------------------------------------
Sending configuration for file {REPO:VSCODE-MAKEFILE-TOOLS}\src\test\fakeSuite\Repros\encoding.c -----------------------------------
    Defines: BUILD_DIR=
    Includes: {REPO:VSCODE-MAKEFILE-TOOLS}\src\test\fakeSuite\Repros
    Force Includes: 
    Standard: gnu11
    IntelliSense Mode: msvc-x64
    Compiler Path: C:\msys64\usr\bin\cc.exe
---------------------------------------------------------------------------------------------------
Parsing the provided build log "{REPO:VSCODE-MAKEFILE-TOOLS}\src\test\fakeSuite\Repros\8cc_mingw_dryrun.log" for targets...
Found the following build targets: path.o;cleanobj;parse.o;8cc;cpp.o;debug.o;test;gen.o;testtest;error.o;stage3;all;map.o;self;dict.o;file.o;runtests;encoding.o;set.o;vector.o;stage1;clean;lex.o;buffer.o;stage2;main.o;utiltest.o;utiltest;fulltest
Setting target all
Parsing the provided build log "{REPO:VSCODE-MAKEFILE-TOOLS}\src\test\fakeSuite\Repros\8cc_mingw_dryrun.log" for IntelliSense integration with CppTools...
Updating the CppTools IntelliSense Configuration Provider.
Parsing dry-run output for CppTools Custom Configuration Provider.
Sending Workspace Browse Configuration: -----------------------------------
    Browse Path: {REPO:VSCODE-MAKEFILE-TOOLS}\src\test\fakeSuite\Repros
    Standard: undefined
    Compiler Path: C:\msys64\usr\bin\cc.exe
----------------------------------------------------------------------------
Sending configuration for file {REPO:VSCODE-MAKEFILE-TOOLS}\src\test\fakeSuite\Repros\main.c -----------------------------------
    Defines: BUILD_DIR=
    Includes: {REPO:VSCODE-MAKEFILE-TOOLS}\src\test\fakeSuite\Repros
    Force Includes: 
    Standard: gnu11
    IntelliSense Mode: msvc-x64
    Compiler Path: C:\msys64\usr\bin\cc.exe
---------------------------------------------------------------------------------------------------
Sending configuration for file {REPO:VSCODE-MAKEFILE-TOOLS}\src\test\fakeSuite\Repros\cpp.c -----------------------------------
    Defines: BUILD_DIR=
    Includes: {REPO:VSCODE-MAKEFILE-TOOLS}\src\test\fakeSuite\Repros
    Force Includes: 
    Standard: gnu11
    IntelliSense Mode: msvc-x64
    Compiler Path: C:\msys64\usr\bin\cc.exe
---------------------------------------------------------------------------------------------------
Sending configuration for file {REPO:VSCODE-MAKEFILE-TOOLS}\src\test\fakeSuite\Repros\debug.c -----------------------------------
    Defines: BUILD_DIR=
    Includes: {REPO:VSCODE-MAKEFILE-TOOLS}\src\test\fakeSuite\Repros
    Force Includes: 
    Standard: gnu11
    IntelliSense Mode: msvc-x64
    Compiler Path: C:\msys64\usr\bin\cc.exe
---------------------------------------------------------------------------------------------------
Sending configuration for file {REPO:VSCODE-MAKEFILE-TOOLS}\src\test\fakeSuite\Repros\dict.c -----------------------------------
    Defines: BUILD_DIR=
    Includes: {REPO:VSCODE-MAKEFILE-TOOLS}\src\test\fakeSuite\Repros
    Force Includes: 
    Standard: gnu11
    IntelliSense Mode: msvc-x64
    Compiler Path: C:\msys64\usr\bin\cc.exe
---------------------------------------------------------------------------------------------------
Sending configuration for file {REPO:VSCODE-MAKEFILE-TOOLS}\src\test\fakeSuite\Repros\gen.c -----------------------------------
    Defines: BUILD_DIR=
    Includes: {REPO:VSCODE-MAKEFILE-TOOLS}\src\test\fakeSuite\Repros
    Force Includes: 
    Standard: gnu11
    IntelliSense Mode: msvc-x64
    Compiler Path: C:\msys64\usr\bin\cc.exe
---------------------------------------------------------------------------------------------------
Sending configuration for file {REPO:VSCODE-MAKEFILE-TOOLS}\src\test\fakeSuite\Repros\lex.c -----------------------------------
    Defines: BUILD_DIR=
    Includes: {REPO:VSCODE-MAKEFILE-TOOLS}\src\test\fakeSuite\Repros
    Force Includes: 
    Standard: gnu11
    IntelliSense Mode: msvc-x64
    Compiler Path: C:\msys64\usr\bin\cc.exe
---------------------------------------------------------------------------------------------------
Sending configuration for file {REPO:VSCODE-MAKEFILE-TOOLS}\src\test\fakeSuite\Repros\vector.c -----------------------------------
    Defines: BUILD_DIR=
    Includes: {REPO:VSCODE-MAKEFILE-TOOLS}\src\test\fakeSuite\Repros
    Force Includes: 
    Standard: gnu11
    IntelliSense Mode: msvc-x64
    Compiler Path: C:\msys64\usr\bin\cc.exe
---------------------------------------------------------------------------------------------------
Sending configuration for file {REPO:VSCODE-MAKEFILE-TOOLS}\src\test\fakeSuite\Repros\parse.c -----------------------------------
    Defines: BUILD_DIR=
    Includes: {REPO:VSCODE-MAKEFILE-TOOLS}\src\test\fakeSuite\Repros
    Force Includes: 
    Standard: gnu11
    IntelliSense Mode: msvc-x64
    Compiler Path: C:\msys64\usr\bin\cc.exe
---------------------------------------------------------------------------------------------------
Sending configuration for file {REPO:VSCODE-MAKEFILE-TOOLS}\src\test\fakeSuite\Repros\buffer.c -----------------------------------
    Defines: BUILD_DIR=
    Includes: {REPO:VSCODE-MAKEFILE-TOOLS}\src\test\fakeSuite\Repros
    Force Includes: 
    Standard: gnu11
    IntelliSense Mode: msvc-x64
    Compiler Path: C:\msys64\usr\bin\cc.exe
---------------------------------------------------------------------------------------------------
Sending configuration for file {REPO:VSCODE-MAKEFILE-TOOLS}\src\test\fakeSuite\Repros\map.c -----------------------------------
    Defines: BUILD_DIR=
    Includes: {REPO:VSCODE-MAKEFILE-TOOLS}\src\test\fakeSuite\Repros
    Force Includes: 
    Standard: gnu11
    IntelliSense Mode: msvc-x64
    Compiler Path: C:\msys64\usr\bin\cc.exe
---------------------------------------------------------------------------------------------------
Sending configuration for file {REPO:VSCODE-MAKEFILE-TOOLS}\src\test\fakeSuite\Repros\error.c -----------------------------------
    Defines: BUILD_DIR=
    Includes: {REPO:VSCODE-MAKEFILE-TOOLS}\src\test\fakeSuite\Repros
    Force Includes: 
    Standard: gnu11
    IntelliSense Mode: msvc-x64
    Compiler Path: C:\msys64\usr\bin\cc.exe
---------------------------------------------------------------------------------------------------
Sending configuration for file {REPO:VSCODE-MAKEFILE-TOOLS}\src\test\fakeSuite\Repros\path.c -----------------------------------
    Defines: BUILD_DIR=
    Includes: {REPO:VSCODE-MAKEFILE-TOOLS}\src\test\fakeSuite\Repros
    Force Includes: 
    Standard: gnu11
    IntelliSense Mode: msvc-x64
    Compiler Path: C:\msys64\usr\bin\cc.exe
---------------------------------------------------------------------------------------------------
Sending configuration for file {REPO:VSCODE-MAKEFILE-TOOLS}\src\test\fakeSuite\Repros\file.c -----------------------------------
    Defines: BUILD_DIR=
    Includes: {REPO:VSCODE-MAKEFILE-TOOLS}\src\test\fakeSuite\Repros
    Force Includes: 
    Standard: gnu11
    IntelliSense Mode: msvc-x64
    Compiler Path: C:\msys64\usr\bin\cc.exe
---------------------------------------------------------------------------------------------------
Sending configuration for file {REPO:VSCODE-MAKEFILE-TOOLS}\src\test\fakeSuite\Repros\set.c -----------------------------------
    Defines: BUILD_DIR=
    Includes: {REPO:VSCODE-MAKEFILE-TOOLS}\src\test\fakeSuite\Repros
    Force Includes: 
    Standard: gnu11
    IntelliSense Mode: msvc-x64
    Compiler Path: C:\msys64\usr\bin\cc.exe
---------------------------------------------------------------------------------------------------
Sending configuration for file {REPO:VSCODE-MAKEFILE-TOOLS}\src\test\fakeSuite\Repros\encoding.c -----------------------------------
    Defines: BUILD_DIR=
    Includes: {REPO:VSCODE-MAKEFILE-TOOLS}\src\test\fakeSuite\Repros
    Force Includes: 
    Standard: gnu11
    IntelliSense Mode: msvc-x64
    Compiler Path: C:\msys64\usr\bin\cc.exe
---------------------------------------------------------------------------------------------------
Building the current target. Command: c:\some\other\fake\path all
Parsing the provided build log "{REPO:VSCODE-MAKEFILE-TOOLS}\src\test\fakeSuite\Repros\8cc_mingw_dryrun.log" for launch configurations...
Parsing dry-run output for Launch (debug/run) configuration.
Found the following launch targets defined in the makefile: {REPO:VSCODE-MAKEFILE-TOOLS}\src\test\fakeSuite\Repros>8cc()
Setting launch target "{REPO:VSCODE-MAKEFILE-TOOLS}\src\test\fakeSuite\Repros>8cc()"
Created the following debug config:
   type = cppdbg
   cwd = ${command:makefile.launchTargetDirectory} (= {REPO:VSCODE-MAKEFILE-TOOLS}\src\test\fakeSuite\Repros)
   args = 
   program = ${command:makefile.launchTargetPath} (= {REPO:VSCODE-MAKEFILE-TOOLS}\src\test\fakeSuite\Repros\8cc)
   miMode = gdb
   miDebuggerPath = C:\msys64\usr\bin\gdb.exe
Running command '"{REPO:VSCODE-MAKEFILE-TOOLS}\src\test\fakeSuite\Repros\8cc" ' in the terminal from location '{REPO:VSCODE-MAKEFILE-TOOLS}\src\test\fakeSuite\Repros'
